PS C:\Users\mryur\Desktop\samurai> mkdir git_challenge


    ディレクトリ: C:\Users\mryur\Desktop\samurai


Mode                 LastWriteTime         Length Name
----                 -------------         ------ ----
d-----        2026/01/31      0:38                git_challenge


PS C:\Users\mryur\Desktop\samurai> cd git_challenge
PS C:\Users\mryur\Desktop\samurai\git_challenge> echo "Hello, world!" >> hello_world.txt
PS C:\Users\mryur\Desktop\samurai\git_challenge> cd C:\Users\mryur\Desktop\samurai 
PS C:\Users\mryur\Desktop\samurai> git add git_challenge
PS C:\Users\mryur\Desktop\samurai> git commit -m "hello_world.txtを追加"
On branch main
Your branch is ahead of 'origin/main' by 1 commit.
  (use "git push" to publish your local commits)

Untracked files:
  (use "git add <file>..." to include in what will be committed)
        2.HTML/
        git_tutorial/
        hello_world.txt
        kadai/
        kadai_github/
        samurai-dojo/
        samurai-terakoya/
        samurai.txt

nothing added to commit but untracked files present (use "git add" to track)
PS C:\Users\mryur\Desktop\samurai> cd git_challenge
PS C:\Users\mryur\Desktop\samurai\git_challenge> echo "こんにちは、世界！" >> hello_world.txt
PS C:\Users\mryur\Desktop\samurai\git_challenge> cd C:\Users\mryur\Desktop\samurai
PS C:\Users\mryur\Desktop\samurai> git add git_challenge
PS C:\Users\mryur\Desktop\samurai> git commit -m "日本語訳を追加"
[main a55f30d] 日本語訳を追加
 1 file changed, 0 insertions(+), 0 deletions(-)
 PS C:\Users\mryur\Desktop\samurai> git log --oneline
a55f30d (HEAD -> main) 日本語訳を追加
49dda2a 初回コミット
7bef6b5 (origin/main) kadai_005をコミット
PS C:\Users\mryur\Desktop\samurai> 