PS C:\Users\mryur\Desktop\samurai> mkdir git_challenge


    ディレクトリ: C:\Users\mryur\Desktop\samurai


Mode                 LastWriteTime         Length Name
----                 -------------         ------ ----
d-----        2026/01/31      1:16                git_challenge


PS C:\Users\mryur\Desktop\samurai> cd git_challenge
PS C:\Users\mryur\Desktop\samurai\git_challenge> git init
Initialized empty Git repository in C:/Users/mryur/Desktop/samurai/git_challenge/.git/
PS C:\Users\mryur\Desktop\samurai\git_challenge> echo "Hello, world!" >> hello_world.txt
PS C:\Users\mryur\Desktop\samurai\git_challenge> git add hello_world.txt
PS C:\Users\mryur\Desktop\samurai\git_challenge> git commit -m "hello_world.txtを追加"
[main (root-commit) aca80c9] hello_world.txtを追加
 1 file changed, 0 insertions(+), 0 deletions(-)
 create mode 100644 hello_world.txt
PS C:\Users\mryur\Desktop\samurai\git_challenge> echo "こんにちは、世界！" >> hello_world.txt
PS C:\Users\mryur\Desktop\samurai\git_challenge> git add hello_world.txt
PS C:\Users\mryur\Desktop\samurai\git_challenge> git commit -m "日本語訳を追加"
[main 3f43438] 日本語訳を追加
 1 file changed, 0 insertions(+), 0 deletions(-)
PS C:\Users\mryur\Desktop\samurai\git_challenge> git log --oneline
3f43438 (HEAD -> main) 日本語訳を追加
aca80c9 hello_world.txtを追加